---
http_interactions:
- request:
    method: get
    uri: http://localhost:3003/industry_sector.json?%20Defense&emenu=Aerospace%20
    body:
      encoding: US-ASCII
      string: ''
    headers:
      Accept-Encoding:
      - gzip;q=1.0,deflate;q=0.6,identity;q=0.3
      Accept:
      - "*/*"
      User-Agent:
      - Ruby
  response:
    status:
      code: 404
      message: Not Found
    headers:
      X-Frame-Options:
      - SAMEORIGIN
      X-Xss-Protection:
      - 1; mode=block
      X-Content-Type-Options:
      - nosniff
      X-Ua-Compatible:
      - chrome=1
      Content-Type:
      - application/json
      Cache-Control:
      - no-cache
      Set-Cookie:
      - request_method=GET; path=/
      X-Request-Id:
      - 4bf942e7-f319-4464-92f2-3b30e563f581
      X-Runtime:
      - '0.008162'
      Connection:
      - close
      Server:
      - thin 1.6.1 codename Death Proof
    body:
      encoding: UTF-8
      string: " "
    http_version: 
  recorded_at: Fri, 28 Nov 2014 07:31:18 GMT
- request:
    method: get
    uri: http://localhost:3003/industry_sector.json?emenu=Agribusiness
    body:
      encoding: US-ASCII
      string: ''
    headers:
      Accept-Encoding:
      - gzip;q=1.0,deflate;q=0.6,identity;q=0.3
      Accept:
      - "*/*"
      User-Agent:
      - Ruby
  response:
    status:
      code: 404
      message: Not Found
    headers:
      X-Frame-Options:
      - SAMEORIGIN
      X-Xss-Protection:
      - 1; mode=block
      X-Content-Type-Options:
      - nosniff
      X-Ua-Compatible:
      - chrome=1
      Content-Type:
      - application/json
      Cache-Control:
      - no-cache
      Set-Cookie:
      - request_method=GET; path=/
      X-Request-Id:
      - 725b76bf-23bd-4a84-9dd1-006f6dd78ee0
      X-Runtime:
      - '0.005792'
      Connection:
      - close
      Server:
      - thin 1.6.1 codename Death Proof
    body:
      encoding: UTF-8
      string: " "
    http_version: 
  recorded_at: Fri, 28 Nov 2014 07:31:18 GMT
- request:
    method: get
    uri: http://localhost:3003/industry_sector.json?%20Engineering&emenu=Architecture%20
    body:
      encoding: US-ASCII
      string: ''
    headers:
      Accept-Encoding:
      - gzip;q=1.0,deflate;q=0.6,identity;q=0.3
      Accept:
      - "*/*"
      User-Agent:
      - Ruby
  response:
    status:
      code: 404
      message: Not Found
    headers:
      X-Frame-Options:
      - SAMEORIGIN
      X-Xss-Protection:
      - 1; mode=block
      X-Content-Type-Options:
      - nosniff
      X-Ua-Compatible:
      - chrome=1
      Content-Type:
      - application/json
      Cache-Control:
      - no-cache
      Set-Cookie:
      - request_method=GET; path=/
      X-Request-Id:
      - f6500f23-9d01-4336-82f3-8f3d6a744903
      X-Runtime:
      - '0.007810'
      Connection:
      - close
      Server:
      - thin 1.6.1 codename Death Proof
    body:
      encoding: UTF-8
      string: " "
    http_version: 
  recorded_at: Fri, 28 Nov 2014 07:31:18 GMT
- request:
    method: get
    uri: http://localhost:3003/industry_sector.json?%20Ground%20Transportation&emenu=Automotive%20
    body:
      encoding: US-ASCII
      string: ''
    headers:
      Accept-Encoding:
      - gzip;q=1.0,deflate;q=0.6,identity;q=0.3
      Accept:
      - "*/*"
      User-Agent:
      - Ruby
  response:
    status:
      code: 404
      message: Not Found
    headers:
      X-Frame-Options:
      - SAMEORIGIN
      X-Xss-Protection:
      - 1; mode=block
      X-Content-Type-Options:
      - nosniff
      X-Ua-Compatible:
      - chrome=1
      Content-Type:
      - application/json
      Cache-Control:
      - no-cache
      Set-Cookie:
      - request_method=GET; path=/
      X-Request-Id:
      - 02dd53c5-0069-4bdf-b816-e6b05b76878e
      X-Runtime:
      - '0.007842'
      Connection:
      - close
      Server:
      - thin 1.6.1 codename Death Proof
    body:
      encoding: UTF-8
      string: " "
    http_version: 
  recorded_at: Fri, 28 Nov 2014 07:31:18 GMT
recorded_with: VCR 2.9.3
